Microsoft Windows [Version 10.0.18363.592]
(c) 2019 Microsoft Corporation. All rights reserved.

C:\Users\Students>e:

E:\>javac
Usage: javac <options> <source files>
where possible options include:
  @<filename>                  Read options and filenames from file
  -Akey[=value]                Options to pass to annotation processors
  --add-modules <module>(,<module>)*
        Root modules to resolve in addition to the initial modules, or all modules
        on the module path if <module> is ALL-MODULE-PATH.
  --boot-class-path <path>, -bootclasspath <path>
        Override location of bootstrap class files
  --class-path <path>, -classpath <path>, -cp <path>
        Specify where to find user class files and annotation processors
  -d <directory>               Specify where to place generated class files
  -deprecation
        Output source locations where deprecated APIs are used
  -encoding <encoding>         Specify character encoding used by source files
  -endorseddirs <dirs>         Override location of endorsed standards path
  -extdirs <dirs>              Override location of installed extensions
  -g                           Generate all debugging info
  -g:{lines,vars,source}       Generate only some debugging info
  -g:none                      Generate no debugging info
  -h <directory>
        Specify where to place generated native header files
  --help, -help                Print this help message
  --help-extra, -X             Print help on extra options
  -implicit:{none,class}
        Specify whether or not to generate class files for implicitly referenced files
  -J<flag>                     Pass <flag> directly to the runtime system
  --limit-modules <module>(,<module>)*
        Limit the universe of observable modules
  --module <module-name>, -m <module-name>
        Compile only the specified module, check timestamps
  --module-path <path>, -p <path>
        Specify where to find application modules
  --module-source-path <module-source-path>
        Specify where to find input source files for multiple modules
  --module-version <version>
        Specify version of modules that are being compiled
  -nowarn                      Generate no warnings
  -parameters
        Generate metadata for reflection on method parameters
  -proc:{none,only}
        Control whether annotation processing and/or compilation is done.
  -processor <class1>[,<class2>,<class3>...]
        Names of the annotation processors to run; bypasses default discovery process
  --processor-module-path <path>
        Specify a module path where to find annotation processors
  --processor-path <path>, -processorpath <path>
        Specify where to find annotation processors
  -profile <profile>
        Check that API used is available in the specified profile
  --release <release>
        Compile for a specific VM version. Supported targets: 6, 7, 8, 9
  -s <directory>               Specify where to place generated source files
  -source <release>
        Provide source compatibility with specified release
  --source-path <path>, -sourcepath <path>
        Specify where to find input source files
  --system <jdk>|none          Override location of system modules
  -target <release>            Generate class files for specific VM version
  --upgrade-module-path <path>
        Override location of upgradeable modules
  -verbose                     Output messages about what the compiler is doing
  --version, -version          Version information
  -Werror                      Terminate compilation if warnings occur


E:\>cd vismaya

E:\vismaya>dir
 Volume in drive E has no label.
 Volume Serial Number is DC48-BB4C

 Directory of E:\vismaya

02/19/2020  15:40    <DIR>          .
02/19/2020  15:40    <DIR>          ..
02/19/2020  15:40               776 Ftpclient.java.txt
02/19/2020  15:40               648 Ftpserver.java.txt
               2 File(s)          1,424 bytes
               2 Dir(s)  46,363,668,480 bytes free

E:\vismaya>dir
 Volume in drive E has no label.
 Volume Serial Number is DC48-BB4C

 Directory of E:\vismaya

02/19/2020  15:40    <DIR>          .
02/19/2020  15:40    <DIR>          ..
02/19/2020  15:45               776 Ftpclient.java.txt
02/19/2020  15:45               648 Ftpserver.java.txt
               2 File(s)          1,424 bytes
               2 Dir(s)  46,363,668,480 bytes free

E:\vismaya>javac Ftpclient.java
javac: file not found: Ftpclient.java
Usage: javac <options> <source files>
use --help for a list of possible options

E:\vismaya>dir
 Volume in drive E has no label.
 Volume Serial Number is DC48-BB4C

 Directory of E:\vismaya

02/19/2020  15:46    <DIR>          .
02/19/2020  15:46    <DIR>          ..
02/19/2020  15:46               648 Ftpserver.java
               1 File(s)            648 bytes
               2 Dir(s)  46,363,660,288 bytes free

E:\vismaya>dir
 Volume in drive E has no label.
 Volume Serial Number is DC48-BB4C

 Directory of E:\vismaya

02/19/2020  15:47    <DIR>          .
02/19/2020  15:47    <DIR>          ..
02/19/2020  15:47               776 Ftpclient.java
02/19/2020  15:46               648 Ftpserver.java
               2 File(s)          1,424 bytes
               2 Dir(s)  46,363,656,192 bytes free

E:\vismaya>javac Ftpserver.java
Note: Ftpserver.java uses or overrides a deprecated API.
Note: Recompile with -Xlint:deprecation for details.

E:\vismaya>dir
 Volume in drive E has no label.
 Volume Serial Number is DC48-BB4C

 Directory of E:\vismaya

02/19/2020  15:47    <DIR>          .
02/19/2020  15:47    <DIR>          ..
02/19/2020  15:47               776 Ftpclient.java
02/19/2020  15:47             1,666 Ftpserver.class
02/19/2020  15:46               648 Ftpserver.java
               3 File(s)          3,090 bytes
               2 Dir(s)  46,363,648,000 bytes free

E:\vismaya>java Ftpserver

 file recieved successfully

E:\vismaya>